\BOOKMARK [1][-]{section.1}{\376\377\000I\000n\000t\000r\000o\000d\000u\000c\000t\000i\000o\000n}{}% 1
\BOOKMARK [1][-]{section.2}{\376\377\000B\000a\000c\000k\000g\000r\000o\000u\000n\000d}{}% 2
\BOOKMARK [2][-]{subsection.2.1}{\376\377\000B\000o\000m\000b\000e\000r\000m\000a\000n\000\040\000a\000s\000\040\000a\000\040\000r\000e\000i\000n\000f\000o\000r\000c\000e\000m\000e\000n\000t\000\040\000l\000e\000a\000r\000n\000i\000n\000g\000\040\000p\000r\000o\000b\000l\000e\000m}{section.2}% 3
\BOOKMARK [2][-]{subsection.2.2}{\376\377\000F\000r\000o\000m\000\040\000Q\000-\000l\000e\000a\000r\000n\000i\000n\000g\000\040\000t\000o\000\040\000d\000e\000e\000p\000\040\000Q\000-\000l\000e\000a\000r\000n\000i\000n\000g}{section.2}% 4
\BOOKMARK [2][-]{subsection.2.3}{\376\377\000D\000o\000u\000b\000l\000e\000\040\000D\000Q\000N\000:\000\040\000s\000e\000p\000a\000r\000a\000t\000i\000n\000g\000\040\000s\000e\000l\000e\000c\000t\000i\000o\000n\000\040\000a\000n\000d\000\040\000e\000v\000a\000l\000u\000a\000t\000i\000o\000n}{section.2}% 5
\BOOKMARK [1][-]{section.3}{\376\377\000P\000r\000o\000j\000e\000c\000t\000\040\000p\000l\000a\000n\000n\000i\000n\000g}{}% 6
\BOOKMARK [1][-]{section.4}{\376\377\000M\000e\000t\000h\000o\000d\000s}{}% 7
\BOOKMARK [2][-]{subsection.4.1}{\376\377\000R\000U\000E\000H\000L\000\040\000a\000g\000e\000n\000t}{section.4}% 8
\BOOKMARK [3][-]{subsubsection.4.1.1}{\376\377\000I\000n\000p\000u\000t\000\040\000r\000e\000p\000r\000e\000s\000e\000n\000t\000a\000t\000i\000o\000n\000\040\000a\000n\000d\000\040\000f\000e\000a\000t\000u\000r\000e\000\040\000e\000n\000g\000i\000n\000e\000e\000r\000i\000n\000g}{subsection.4.1}% 9
\BOOKMARK [3][-]{subsubsection.4.1.2}{\376\377\000N\000e\000u\000r\000a\000l\000\040\000n\000e\000t\000w\000o\000r\000k\000\040\000a\000r\000c\000h\000i\000t\000e\000c\000t\000u\000r\000e}{subsection.4.1}% 10
\BOOKMARK [3][-]{subsubsection.4.1.3}{\376\377\000A\000c\000t\000i\000o\000n\000\040\000m\000a\000s\000k\000i\000n\000g\000\040\000a\000n\000d\000\040\000h\000a\000n\000d\000-\000d\000e\000s\000i\000g\000n\000e\000d\000\040\000g\000u\000i\000d\000a\000n\000c\000e}{subsection.4.1}% 11
\BOOKMARK [3][-]{subsubsection.4.1.4}{\376\377\000R\000e\000w\000a\000r\000d\000\040\000s\000h\000a\000p\000i\000n\000g}{subsection.4.1}% 12
\BOOKMARK [3][-]{subsubsection.4.1.5}{\376\377\000T\000a\000s\000k\000-\000s\000p\000e\000c\000i\000f\000i\000c\000\040\000r\000e\000w\000a\000r\000d\000\040\000p\000r\000o\000f\000i\000l\000e\000s}{subsection.4.1}% 13
\BOOKMARK [2][-]{subsection.4.2}{\376\377\000F\000i\000n\000a\000l\000\040\000a\000g\000e\000n\000t}{section.4}% 14
\BOOKMARK [3][-]{subsubsection.4.2.1}{\376\377\000T\000h\000e\000\040\000F\000e\000a\000t\000u\000r\000e\000s}{subsection.4.2}% 15
\BOOKMARK [3][-]{subsubsection.4.2.2}{\376\377\000N\000e\000u\000r\000a\000l\000\040\000N\000e\000t\000w\000o\000r\000k\000\040\000A\000r\000c\000h\000i\000t\000e\000c\000t\000u\000r\000e}{subsection.4.2}% 16
\BOOKMARK [3][-]{subsubsection.4.2.3}{\376\377\000T\000h\000e\000\040\000A\000c\000t\000i\000o\000n\000\040\000M\000a\000s\000k}{subsection.4.2}% 17
\BOOKMARK [3][-]{subsubsection.4.2.4}{\376\377\000T\000h\000e\000\040\000R\000e\000w\000a\000r\000d\000\040\000S\000h\000a\000p\000i\000n\000g}{subsection.4.2}% 18
\BOOKMARK [2][-]{subsection.4.3}{\376\377\000E\000x\000p\000e\000r\000i\000m\000e\000n\000t\000a\000l\000\040\000e\000v\000a\000l\000u\000a\000t\000i\000o\000n\000\040\000m\000e\000t\000h\000o\000d\000o\000l\000o\000g\000y}{section.4}% 19
\BOOKMARK [3][-]{subsubsection.4.3.1}{\376\377\000S\000e\000p\000a\000r\000a\000t\000e\000\040\000l\000e\000a\000r\000n\000i\000n\000g\000\040\000r\000e\000w\000a\000r\000d\000,\000\040\000s\000e\000l\000e\000c\000t\000i\000o\000n\000\040\000s\000c\000o\000r\000e\000,\000\040\000a\000n\000d\000\040\000g\000a\000m\000e\000\040\000p\000e\000r\000f\000o\000r\000m\000a\000n\000c\000e}{subsection.4.3}% 20
\BOOKMARK [3][-]{subsubsection.4.3.2}{\376\377\000I\000n\000d\000e\000p\000e\000n\000d\000e\000n\000t\000\040\000t\000e\000s\000t\000s\000\040\000a\000n\000d\000\040\000c\000o\000n\000t\000r\000o\000l\000l\000e\000d\000\040\000c\000o\000m\000p\000a\000r\000i\000s\000o\000n\000s}{subsection.4.3}% 21
\BOOKMARK [1][-]{section.5}{\376\377\000T\000r\000a\000i\000n\000i\000n\000g}{}% 22
\BOOKMARK [2][-]{subsection.5.1}{\376\377\000E\000x\000p\000l\000o\000r\000a\000t\000i\000o\000n\000\040\000w\000i\000t\000h\000\040\000a\000n\000\040\000e\000p\000s\000i\000l\000o\000n\000-\000g\000r\000e\000e\000d\000y\000\040\000p\000o\000l\000i\000c\000y}{section.5}% 23
\BOOKMARK [2][-]{subsection.5.2}{\376\377\000R\000U\000E\000H\000L\000\040\000c\000u\000r\000r\000i\000c\000u\000l\000u\000m\000\040\000a\000n\000d\000\040\000o\000p\000t\000i\000m\000i\000z\000a\000t\000i\000o\000n}{section.5}% 24
\BOOKMARK [3][-]{subsubsection.5.2.1}{\376\377\000T\000r\000a\000i\000n\000i\000n\000g\000\040\000c\000u\000r\000r\000i\000c\000u\000l\000u\000m}{subsection.5.2}% 25
\BOOKMARK [3][-]{subsubsection.5.2.2}{\376\377\000O\000p\000t\000i\000m\000i\000z\000a\000t\000i\000o\000n\000\040\000a\000n\000d\000\040\000t\000r\000a\000i\000n\000i\000n\000g\000\040\000s\000t\000a\000t\000e}{subsection.5.2}% 26
\BOOKMARK [3][-]{subsubsection.5.2.3}{\376\377\000E\000v\000a\000l\000u\000a\000t\000i\000o\000n\000\040\000a\000n\000d\000\040\000m\000o\000d\000e\000l\000\040\000s\000e\000l\000e\000c\000t\000i\000o\000n}{subsection.5.2}% 27
\BOOKMARK [2][-]{subsection.5.3}{\376\377\000F\000i\000n\000a\000l\000-\000a\000g\000e\000n\000t\000\040\000o\000p\000t\000i\000m\000i\000z\000a\000t\000i\000o\000n\000\040\000a\000n\000d\000\040\000c\000h\000e\000c\000k\000p\000o\000i\000n\000t\000i\000n\000g}{section.5}% 28
\BOOKMARK [1][-]{section.6}{\376\377\000E\000x\000p\000e\000r\000i\000m\000e\000n\000t\000s\000\040\000a\000n\000d\000\040\000R\000e\000s\000u\000l\000t\000s}{}% 29
\BOOKMARK [2][-]{subsection.6.1}{\376\377\000H\000i\000s\000t\000o\000r\000i\000c\000a\000l\000\040\000R\000U\000E\000H\000L\000\040\000s\000e\000l\000e\000c\000t\000i\000o\000n\000\040\000s\000u\000m\000m\000a\000r\000i\000e\000s}{section.6}% 30
\BOOKMARK [2][-]{subsection.6.2}{\376\377\000I\000l\000l\000u\000s\000t\000r\000a\000t\000i\000v\000e\000\040\000f\000i\000n\000a\000l\000-\000a\000g\000e\000n\000t\000\040\000t\000r\000a\000i\000n\000i\000n\000g\000\040\000r\000u\000n}{section.6}% 31
\BOOKMARK [2][-]{subsection.6.3}{\376\377\000E\000n\000g\000i\000n\000e\000-\000b\000a\000s\000e\000d\000\040\000d\000i\000a\000g\000n\000o\000s\000i\000s\000\040\000o\000f\000\040\000a\000c\000t\000i\000o\000n\000\040\000m\000a\000s\000k\000i\000n\000g}{section.6}% 32
\BOOKMARK [3][-]{subsubsection.6.3.1}{\376\377\000Q\000u\000e\000s\000t\000i\000o\000n\000\040\000a\000n\000d\000\040\000e\000x\000p\000e\000r\000i\000m\000e\000n\000t\000a\000l\000\040\000c\000o\000n\000s\000t\000r\000u\000c\000t\000i\000o\000n}{subsection.6.3}% 33
\BOOKMARK [3][-]{subsubsection.6.3.2}{\376\377\000R\000e\000f\000e\000r\000e\000n\000c\000e\000\040\000c\000a\000l\000c\000u\000l\000a\000t\000i\000o\000n\000\040\000a\000n\000d\000\040\000m\000e\000t\000r\000i\000c\000s}{subsection.6.3}% 34
\BOOKMARK [3][-]{subsubsection.6.3.3}{\376\377\000M\000e\000a\000s\000u\000r\000e\000d\000\040\000r\000e\000s\000u\000l\000t\000s\000\040\000a\000n\000d\000\040\000f\000a\000i\000l\000u\000r\000e\000\040\000m\000e\000c\000h\000a\000n\000i\000s\000m\000s}{subsection.6.3}% 35
\BOOKMARK [3][-]{subsubsection.6.3.4}{\376\377\000I\000m\000p\000l\000i\000c\000a\000t\000i\000o\000n\000s\000\040\000a\000n\000d\000\040\000l\000i\000m\000i\000t\000s}{subsection.6.3}% 36
\BOOKMARK [2][-]{subsection.6.4}{\376\377\000F\000r\000o\000z\000e\000n\000-\000p\000o\000l\000i\000c\000y\000\040\000p\000e\000r\000f\000o\000r\000m\000a\000n\000c\000e\000\040\000a\000n\000d\000\040\000o\000p\000p\000o\000n\000e\000n\000t\000\040\000d\000e\000p\000e\000n\000d\000e\000n\000c\000e}{section.6}% 37
\BOOKMARK [2][-]{subsection.6.5}{\376\377\000W\000h\000a\000t\000\040\000t\000h\000e\000\040\000l\000e\000a\000r\000n\000e\000d\000\040\000r\000a\000n\000k\000i\000n\000g\000\040\000a\000n\000d\000\040\000s\000a\000f\000e\000t\000y\000\040\000m\000a\000s\000k\000\040\000c\000o\000n\000t\000r\000i\000b\000u\000t\000e}{section.6}% 38
\BOOKMARK [2][-]{subsection.6.6}{\376\377\000W\000h\000y\000\040\000p\000r\000e\000d\000i\000c\000t\000e\000d\000\040\000s\000a\000f\000e\000t\000y\000\040\000d\000o\000e\000s\000\040\000n\000o\000t\000\040\000e\000n\000s\000u\000r\000e\000\040\000c\000o\000m\000p\000e\000t\000i\000t\000i\000v\000e\000\040\000s\000u\000r\000v\000i\000v\000a\000l}{section.6}% 39
\BOOKMARK [2][-]{subsection.6.7}{\376\377\000C\000o\000m\000p\000u\000t\000a\000t\000i\000o\000n\000a\000l\000\040\000c\000o\000n\000s\000t\000r\000a\000i\000n\000t\000s\000\040\000a\000n\000d\000\040\000r\000e\000p\000r\000o\000d\000u\000c\000i\000b\000i\000l\000i\000t\000y}{section.6}% 40
\BOOKMARK [1][-]{section.7}{\376\377\000C\000o\000n\000c\000l\000u\000s\000i\000o\000n}{}% 41
\BOOKMARK [2][-]{subsection.7.1}{\376\377\000D\000e\000v\000e\000l\000o\000p\000m\000e\000n\000t\000\040\000c\000o\000n\000c\000l\000u\000s\000i\000o\000n\000s}{section.7}% 42
\BOOKMARK [2][-]{subsection.7.2}{\376\377\000S\000y\000n\000t\000h\000e\000s\000i\000s\000\040\000a\000n\000d\000\040\000f\000o\000c\000u\000s\000e\000d\000\040\000n\000e\000x\000t\000\040\000e\000x\000p\000e\000r\000i\000m\000e\000n\000t}{section.7}% 43
